Sat Aug 22 19:33:17 2026  Msieve v. 1.53 (SVN 1005)
Sat Aug 22 19:33:17 2026  random seeds: e1d2fd58 759319f1
Sat Aug 22 19:33:17 2026  factoring 3049011371175084659145649599206888501364879429080951227619639 (61 digits)
Sat Aug 22 19:33:18 2026  searching for 15-digit factors
Sat Aug 22 19:33:18 2026  commencing quadratic sieve (61-digit input)
Sat Aug 22 19:33:18 2026  using multiplier of 59
Sat Aug 22 19:33:18 2026  using generic 32kb sieve core
Sat Aug 22 19:33:18 2026  sieve interval: 5 blocks of size 32768
Sat Aug 22 19:33:18 2026  processing polynomials in batches of 41
Sat Aug 22 19:33:18 2026  using a sieve bound of 63499 (3200 primes)
Sat Aug 22 19:33:18 2026  using large prime bound of 3174950 (21 bits)
Sat Aug 22 19:33:18 2026  using trial factoring cutoff of 22 bits
Sat Aug 22 19:33:18 2026  polynomial 'A' values have 8 factors
Sat Aug 22 19:33:21 2026  3822 relations (1655 full + 2167 combined from 17179 partial), need 3296
Sat Aug 22 19:33:21 2026  begin with 18834 relations
Sat Aug 22 19:33:21 2026  reduce to 5680 relations in 2 passes
Sat Aug 22 19:33:21 2026  attempting to read 5680 relations
Sat Aug 22 19:33:21 2026  recovered 5680 relations
Sat Aug 22 19:33:21 2026  recovered 4877 polynomials
Sat Aug 22 19:33:21 2026  attempting to build 3822 cycles
Sat Aug 22 19:33:21 2026  found 3822 cycles in 1 passes
Sat Aug 22 19:33:21 2026  distribution of cycle lengths:
Sat Aug 22 19:33:21 2026     length 1 : 1655
Sat Aug 22 19:33:21 2026     length 2 : 2167
Sat Aug 22 19:33:21 2026  largest cycle: 2 relations
Sat Aug 22 19:33:21 2026  matrix is 3200 x 3822 (0.5 MB) with weight 106349 (27.83/col)
Sat Aug 22 19:33:21 2026  sparse part has weight 106349 (27.83/col)
Sat Aug 22 19:33:21 2026  filtering completed in 4 passes
Sat Aug 22 19:33:21 2026  matrix is 2966 x 3030 (0.4 MB) with weight 79337 (26.18/col)
Sat Aug 22 19:33:21 2026  sparse part has weight 79337 (26.18/col)
Sat Aug 22 19:33:21 2026  commencing Lanczos iteration
Sat Aug 22 19:33:21 2026  memory use: 0.4 MB
Sat Aug 22 19:33:21 2026  lanczos halted after 48 iterations (dim = 2962)
Sat Aug 22 19:33:21 2026  recovered 62 nontrivial dependencies
Sat Aug 22 19:33:21 2026  p22 factor: 5492552496001631068991
Sat Aug 22 19:33:21 2026  p39 factor: 555117383656259773396766242521036497929
Sat Aug 22 19:33:21 2026  elapsed time 00:00:04
